../Core/Src/icm20948.c:25:13:icm20948_init	24	static
../Core/Src/icm20948.c:121:19:who_am_i	16	static
../Core/Src/icm20948.c:129:13:cs_low	8	static
../Core/Src/icm20948.c:133:13:cs_high	8	static
../Core/Src/icm20948.c:137:25:select_bank	24	static
../Core/Src/icm20948.c:160:25:write_once_reg	32	static
../Core/Src/icm20948.c:185:25:read_once_reg	24	static
../Core/Src/icm20948.c:199:25:read_multi_reg	32	static
../Core/Src/icm20948.c:234:6:icm20948_accel_read	24	static
../Core/Src/icm20948.c:251:6:icm20948_gyro_read	24	static
../Core/Src/icm20948.c:267:6:icm20948_scale_accel	16	static
../Core/Src/icm20948.c:274:6:icm20948_scale_gyro	24	static
../Core/Src/icm20948.c:283:15:accel_six_dof_calib	80	static
../Core/Src/icm20948.c:306:22:gyro_six_dof_calib	80	static
../Core/Src/icm20948.c:329:6:icm20948_primary_accel_calib	16	static
../Core/Src/icm20948.c:337:13:icm20948_calib	24	static
../Core/Src/icm20948.c:351:6:icm20948_apply_calib	16	static
