../Core/Src/madgwick.c:14:22:normalize_accel	64	static
../Core/Src/madgwick.c:32:14:get_dt	24	static
../Core/Src/madgwick.c:44:10:get_time_us	8	static
../Core/Src/madgwick.c:48:14:calc_3D_norm	24	static
../Core/Src/madgwick.c:54:14:calc_4D_norm	24	static
../Core/Src/madgwick.c:60:15:normalize_quat	80	static
../Core/Src/madgwick.c:77:14:calc_beta_ratio	24	static
../Core/Src/madgwick.c:85:22:calc_expected_accel_vector	64	static
../Core/Src/madgwick.c:106:22:calc_accel_vector_error	64	static
../Core/Src/madgwick.c:126:22:angle_speed_correction	64	static
../Core/Src/madgwick.c:136:15:calc_d_quat	88	static
../Core/Src/madgwick.c:151:15:calc_current_quat	64	static
../Core/Src/madgwick.c:161:16:calc_euler_angles_fixed	80	static
../Core/Src/madgwick.c:185:16:calc_euler_angles	80	static
../Core/Src/madgwick.c:218:6:madgwick_init	16	static
../Core/Src/madgwick.c:239:6:madgwick_run	128	static
../Core/Src/madgwick.c:289:9:madgwick_get_euler	56	static
../Core/Src/madgwick.c:297:13:update_gyro_bias	40	static
